// Jest Snapshot v1, https://goo.gl/fbAQLP

exports[`About 1`] = `
<div
  id="about-me"
>
  
  ABOUT

</div>
`;
